
Start Read
6E 32 7B 1B 0 0 0 65 0 39 3F 0 81 C5 64 0 0 0 0 0 0 5A 0 0 0 0 E 2 20 F 9 2 19 0 0 0 0 0 0 0 0 0 A2 64 0 0 0 0 1 0 0 0 0 0 0 0 0 0 0 0 0 0 0 0 0 0 0 0 0 0 0 0 0 0 0 0 16 0 0 0 0 0 0 0 0 20 0 65 0 65 0 0 0 0 59 0 0 0 0 0 0 0 0 0 0 0 C 0 0 80 0 0 0 0 28 0 5A 0 E 0 0 0 0 0 0 4 
Start Read
6E 32 7B 20 0 0 0 65 0 39 3F 0 81 C5 64 0 0 0 0 0 0 5A 0 0 0 0 E 2 22 F 9 2 19 0 0 0 0 0 0 0 0 0 A2 64 0 0 0 0 1 0 0 0 0 0 0 0 0 0 0 0 0 0 0 0 0 0 0 0 0 0 0 0 0 0 0 0 16 0 0 0 0 0 0 0 0 20 0 65 0 65 0 0 0 0 59 0 0 0 0 0 0 0 0 0 0 0 C 0 0 80 0 0 0 0 28 0 5A 0 E 0 0 0 0 0 0 4 
Start Read
6E 32 7B 25 0 0 0 65 0 39 3F 0 81 C5 64 0 0 0 0 0 0 5A 0 0 0 0 E 2 20 F 9 2 19 0 0 0 0 0 0 0 0 0 A2 64 0 0 0 0 1 0 0 0 0 0 0 0 0 0 0 0 0 0 0 0 0 0 0 0 0 0 0 0 0 0 0 0 16 0 0 0 0 0 0 0 0 20 0 65 0 65 0 0 0 0 59 0 0 0 0 0 0 0 0 0 0 0 C 0 0 80 0 0 0 0 28 0 5A 0 E 0 0 0 0 0 0 4 
Start Read
6E 32 7B 2A 0 0 0 65 0 39 3F 0 81 C5 64 0 0 0 0 0 0 5A 0 0 0 0 E 2 21 F 9 2 19 0 0 0 0 0 0 0 0 0 A2 64 0 0 0 0 1 0 0 0 0 0 0 0 0 0 0 0 0 0 0 0 0 0 0 0 0 0 0 0 0 0 0 0 16 0 0 0 0 0 0 0 0 20 0 65 0 65 0 0 0 0 59 0 0 0 0 0 0 0 0 0 0 0 C 0 0 80 0 0 0 0 28 0 5A 0 E 0 0 0 0 0 0 4 
Start Read
6E 32 7B 2F 0 0 0 65 0 39 3F 0 81 C5 64 0 0 0 0 0 0 5A 0 0 0 0 E 2 1F F 9 2 19 63 0 0 0 0 0 0 0 0 A2 64 0 0 0 0 1 0 0 0 0 0 0 0 0 0 0 0 0 0 0 0 0 0 0 0 0 0 0 0 0 0 0 0 16 0 0 0 0 0 0 0 0 20 0 65 0 65 0 0 0 0 59 0 0 0 0 0 0 0 0 0 0 0 C 0 0 80 0 0 0 0 28 0 5A 0 E 0 0 0 0 0 0 4 
Start Read
6E 32 7B 34 0 0 0 65 0 39 3F 0 81 C5 64 0 0 0 0 0 0 5A 0 0 0 0 E 2 22 F 9 2 19 0 0 0 0 0 0 0 0 0 A2 64 0 0 0 0 1 0 0 0 0 0 0 0 0 0 0 0 0 0 0 0 0 0 0 0 0 0 0 0 0 0 0 0 16 0 0 0 0 0 0 0 0 20 0 65 0 65 0 0 0 0 59 0 0 0 0 0 0 0 0 0 0 0 C 0 0 80 0 0 0 0 28 0 5A 0 E 0 0 0 0 0 0 4 
Start Read
6E 32 7B 39 0 0 0 65 0 39 3F 0 81 C5 64 0 0 0 0 0 0 5A 0 0 0 0 E 2 20 F 9 2 19 0 0 0 0 0 0 0 0 0 A2 64 0 0 0 0 1 0 0 0 0 0 0 0 0 0 0 0 0 0 0 0 0 0 0 0 0 0 0 0 0 0 0 0 16 0 0 0 0 0 0 0 0 20 0 65 0 65 0 0 0 0 59 0 0 0 0 0 0 0 0 0 0 0 C 0 0 80 0 0 0 0 28 0 5A 0 E 0 0 0 0 0 0 4 
Start Read
6E 32 7B 3E 0 0 0 65 0 39 3F 0 81 C5 64 0 0 0 0 0 0 5A 0 0 0 0 E 2 21 F 9 2 19 0 0 0 0 0 0 0 0 0 A2 64 0 0 0 0 1 0 0 0 0 0 0 0 0 0 0 0 0 0 0 0 0 0 0 0 0 0 0 0 0 0 0 0 16 0 0 0 0 0 0 0 0 20 0 65 0 65 0 0 0 0 59 0 0 0 0 0 0 0 0 0 0 0 C 0 0 80 0 0 0 0 28 0 5A 0 E 0 0 0 0 0 0 4 
Start Read
6E 32 7B 43 0 0 0 65 0 39 3F 0 81 C5 64 0 0 0 0 0 0 5A 0 0 0 0 E 2 20 F 9 2 19 0 0 0 0 0 0 0 0 0 A2 64 0 0 0 0 1 0 0 0 0 0 0 0 0 0 0 0 0 0 0 0 0 0 0 0 0 0 0 0 0 0 0 0 16 0 0 0 0 0 0 0 0 20 0 65 0 65 0 0 0 0 59 0 0 0 0 0 0 0 0 0 0 0 C 0 0 80 0 0 0 0 28 0 5A 0 E 0 0 0 0 0 0 4 
Start Read
6E 32 7B 47 0 0 0 65 0 39 3F 0 81 C5 64 0 0 0 0 0 0 5A 0 0 0 0 E 2 21 F 9 2 19 0 0 0 0 0 0 0 0 0 A2 64 0 0 0 0 1 0 0 0 0 0 0 0 0 0 0 0 0 0 0 0 0 0 0 0 0 0 0 0 0 0 0 0 16 0 0 0 0 0 0 0 0 20 0 65 0 65 0 0 0 0 59 0 0 0 0 0 0 0 0 0 0 0 C 0 0 80 0 0 0 0 28 0 5A 0 E 0 0 0 0 0 0 4 
Start Read
6E 32 7B 4C 0 0 0 65 0 39 3F 0 81 C5 64 0 0 0 0 0 0 5A 0 0 0 0 E 2 1F F 9 2 19 0 0 0 0 0 0 0 0 0 A2 64 0 0 0 0 1 0 0 0 0 0 0 0 0 0 0 0 0 0 0 0 0 0 0 0 0 0 0 0 0 0 0 0 16 0 0 0 0 0 0 0 0 20 0 65 0 65 0 0 0 0 59 0 0 0 0 0 0 0 0 0 0 0 C 0 0 80 0 0 0 0 28 0 5A 0 E 0 0 0 0 0 0 4 
Start Read
6E 32 7B 51 0 0 0 65 0 39 3F 0 81 C5 64 0 0 0 0 0 0 5A 0 0 0 0 E 2 21 F 9 2 19 0 0 0 0 0 0 0 0 0 A2 64 0 0 0 0 1 0 0 0 0 0 0 0 0 0 0 0 0 0 0 0 0 0 0 0 0 0 0 0 0 0 0 0 16 0 0 0 0 0 0 0 0 20 0 65 0 65 0 0 0 0 59 0 0 0 0 0 0 0 0 0 0 0 C 0 0 80 0 0 0 0 28 0 5A 0 E 0 0 0 0 0 0 4 
Start Read
6E 32 7B 56 0 0 0 65 0 39 3F 0 81 C5 64 0 0 0 0 0 0 5A 0 0 0 0 E 2 20 F 9 2 19 0 0 0 0 0 0 0 0 0 A2 64 0 0 0 0 1 0 0 0 0 0 0 0 0 0 0 0 0 0 0 0 0 0 0 0 0 0 0 0 0 0 0 0 16 0 0 0 0 0 0 0 0 20 0 65 0 65 0 0 0 0 59 0 0 0 0 0 0 0 0 0 0 0 C 0 0 80 0 0 0 0 28 0 5A 0 E 0 0 0 0 0 0 4 
Start Read
6E 32 7B 5B 0 0 0 65 0 39 3F 0 81 C5 64 0 0 0 0 0 0 5A 0 0 0 0 E 2 21 F 9 2 19 0 0 0 0 0 0 0 0 0 A2 64 0 0 0 0 1 0 0 0 0 0 0 0 0 0 0 0 0 0 0 0 0 0 0 0 0 0 0 0 0 0 0 0 16 0 0 0 0 0 0 0 0 20 0 65 0 65 0 0 0 0 59 0 0 0 0 0 0 0 0 0 0 0 C 0 0 80 0 0 0 0 28 0 5A 0 E 0 0 0 0 0 0 4 