
Start Read
6E 32 7B 69 0 0 0 65 0 3A 40 0 80 C5 64 0 0 0 0 0 0 5A 0 0 0 0 E 2 21 F 9 2 19 0 0 0 0 0 0 0 0 0 A0 64 0 0 0 0 1 0 0 0 0 0 0 0 0 0 0 0 0 0 0 0 0 0 0 0 0 0 0 0 0 0 0 0 16 0 0 0 0 0 0 0 0 20 0 65 0 65 0 0 0 0 59 0 0 0 0 0 0 0 0 0 0 0 C 0 0 80 0 0 0 0 28 0 5A 0 E 0 0 0 0 0 0 4 
Start Read
6E 32 7B 6E 0 0 0 65 0 3A 40 0 80 C5 64 0 0 0 0 0 0 5A 0 0 0 0 E 2 21 F 9 2 19 0 0 0 0 0 0 0 0 0 A0 64 0 0 0 0 1 0 0 0 0 0 0 0 0 0 0 0 0 0 0 0 0 0 0 0 0 0 0 0 0 0 0 0 16 0 0 0 0 0 0 0 0 20 0 65 0 65 0 0 0 0 59 0 0 0 0 0 0 0 0 0 0 0 C 0 0 80 0 0 0 0 28 0 5A 0 E 0 0 0 0 0 0 4 
Start Read
6E 32 7B 73 0 0 0 65 0 3A 40 0 80 C5 64 0 0 0 0 0 0 5A 0 0 0 0 E 2 21 F 9 2 19 0 0 0 0 0 0 0 0 0 A0 64 0 0 0 0 1 0 0 0 0 0 0 0 0 0 0 0 0 0 0 0 0 0 0 0 0 0 0 0 0 0 0 0 16 0 0 0 0 0 0 0 0 20 0 65 0 65 0 0 0 0 59 0 0 0 0 0 0 0 0 0 0 0 C 0 0 80 0 0 0 0 28 0 5A 0 E 0 0 0 0 0 0 4 
Start Read
6E 32 7B 78 0 0 0 65 0 3A 40 0 80 C5 64 0 0 0 0 0 0 5A 0 0 0 0 E 2 20 F 9 2 19 0 0 0 0 0 0 0 0 0 A0 64 0 0 0 0 1 0 0 0 0 0 0 0 0 0 0 0 0 0 0 0 0 0 0 0 0 0 0 0 0 0 0 0 16 0 0 0 0 0 0 0 0 20 0 65 0 65 0 0 0 0 59 0 0 0 0 0 0 0 0 0 0 0 C 0 0 80 0 0 0 0 28 0 5A 0 E 0 0 0 0 0 0 4 
Start Read
6E 32 7B 7D 0 0 0 65 0 3A 40 0 80 C5 64 0 0 0 0 0 0 5A 0 0 0 0 E 2 21 F 9 2 19 0 0 0 0 0 0 0 0 0 A0 64 0 0 0 0 1 0 0 0 0 0 0 0 0 0 0 0 0 0 0 0 0 0 0 0 0 0 0 0 0 0 0 0 16 0 0 0 0 0 0 0 0 20 0 65 0 65 0 0 0 0 59 0 0 0 0 0 0 0 0 0 0 0 C 0 0 80 0 0 0 0 28 0 5A 0 E 0 0 0 0 0 0 4 
Start Read
6E 32 7B 82 0 0 0 65 0 3A 40 0 80 C5 64 0 0 0 0 0 0 5A 0 0 0 0 E 2 21 F 9 2 19 0 0 0 0 0 0 0 0 0 A0 64 0 0 0 0 1 0 0 0 0 0 0 0 0 0 0 0 0 0 0 0 0 0 0 0 0 0 0 0 0 0 0 0 16 0 0 0 0 0 0 0 0 20 0 65 0 65 0 0 0 0 59 0 0 0 0 0 0 0 0 0 0 0 C 0 0 80 0 0 0 0 28 0 5A 0 E 0 0 0 0 0 0 4 
Start Read
6E 32 7B 87 0 0 0 65 0 3A 40 0 80 C5 64 0 0 0 0 0 0 5A 0 0 0 0 E 2 21 F 9 2 19 0 0 0 0 0 0 0 0 0 A0 64 0 0 0 0 1 0 0 0 0 0 0 0 0 0 0 0 0 0 0 0 0 0 0 0 0 0 0 0 0 0 0 0 16 0 0 0 0 0 0 0 0 20 0 65 0 65 0 0 0 0 59 0 0 0 0 0 0 0 0 0 0 0 C 0 0 80 0 0 0 0 28 0 5A 0 E 0 0 0 0 0 0 4 
Start Read
6E 32 7B 8C 0 0 0 65 0 3A 40 0 80 C5 64 0 0 0 0 0 0 5A 0 0 0 0 E 2 21 F 9 2 19 0 0 0 0 0 0 0 0 0 A0 64 0 0 0 0 1 0 0 0 0 0 0 0 0 0 0 0 0 0 0 0 0 0 0 0 0 0 0 0 0 0 0 0 16 0 0 0 0 0 0 0 0 20 0 65 0 65 0 0 0 0 59 0 0 0 0 0 0 0 0 0 0 0 C 0 0 80 0 0 0 0 28 0 5A 0 E 0 0 0 0 0 0 4 
Start Read
6E 32 7B 91 0 0 0 65 0 3A 40 0 80 C5 64 0 0 0 0 0 0 5A 0 0 0 0 E 2 21 F 9 2 19 0 0 0 0 0 0 0 0 0 A0 64 0 0 0 0 1 0 0 0 0 0 0 0 0 0 0 0 0 0 0 0 0 0 0 0 0 0 0 0 0 0 0 0 16 0 0 0 0 0 0 0 0 20 0 65 0 65 0 0 0 0 59 0 0 0 0 0 0 0 0 0 0 0 C 0 0 80 0 0 0 0 28 0 5A 0 E 0 0 0 0 0 0 4 
Start Read
6E 32 7B 95 0 0 0 65 0 3A 40 0 80 C5 64 0 0 0 0 0 0 5A 0 0 0 0 E 2 20 F 9 2 19 0 0 0 0 0 0 0 0 0 A0 64 0 0 0 0 1 0 0 0 0 0 0 0 0 0 0 0 0 0 0 0 0 0 0 0 0 0 0 0 0 0 0 0 16 0 0 0 0 0 0 0 0 20 0 65 0 65 0 0 0 0 59 0 0 0 0 0 0 0 0 0 0 0 C 0 0 80 0 0 0 0 28 0 5A 0 E 0 0 0 0 0 0 4 
Start Read
6E 32 7B 9A 0 0 0 65 0 3A 40 0 80 C5 64 0 0 0 0 0 0 5A 0 0 0 0 E 2 21 F 9 2 19 0 0 0 0 0 0 0 0 0 A0 64 0 0 0 0 1 0 0 0 0 0 0 0 0 0 0 0 0 0 0 0 0 0 0 0 0 0 0 0 0 0 0 0 16 0 0 0 0 0 0 0 0 20 0 65 0 65 0 0 0 0 59 0 0 0 0 0 0 0 0 0 0 0 C 0 0 80 0 0 0 0 28 0 5A 0 E 0 0 0 0 0 0 4 
Start Read
6E 32 7B 9F 0 0 0 65 0 3A 40 0 80 C5 64 0 0 0 0 0 0 5A 0 0 0 0 E 2 1F F 9 2 19 0 0 0 0 0 0 0 0 0 A0 64 0 0 0 0 1 0 0 0 0 0 0 0 0 0 0 0 0 0 0 0 0 0 0 0 0 0 0 0 0 0 0 0 16 0 0 0 0 0 0 0 0 20 0 65 0 65 0 0 0 0 59 0 0 0 0 0 0 0 0 0 0 0 C 0 0 80 0 0 0 0 28 0 5A 0 E 0 0 0 0 0 0 4 
Start Read
6E 32 7B A4 0 0 0 65 0 3A 40 0 80 C5 64 0 0 0 0 0 0 5A 0 0 0 0 E 2 20 F 9 2 19 0 0 0 0 0 0 0 0 0 A0 64 0 0 0 0 1 0 0 0 0 0 0 0 0 0 0 0 0 0 0 0 0 0 0 0 0 0 0 0 0 0 0 0 16 0 0 0 0 0 0 0 0 20 0 65 0 65 0 0 0 0 59 0 0 0 0 0 0 0 0 0 0 0 C 0 0 80 0 0 0 0 28 0 5A 0 E 0 0 0 0 0 0 4 
Start Read
6E 32 7B A9 0 0 0 65 0 3A 40 0 80 C5 64 0 0 0 0 0 0 5A 0 0 0 0 E 2 20 F 9 2 19 0 0 0 0 0 0 0 0 0 A0 64 0 0 0 0 1 0 0 0 0 0 0 0 0 0 0 0 0 0 0 0 0 0 0 0 0 0 0 0 0 0 0 0 16 0 0 0 0 0 0 0 0 20 0 65 0 65 0 0 0 0 59 0 0 0 0 0 0 0 0 0 0 0 C 0 0 80 0 0 0 0 28 0 5A 0 E 0 0 0 0 0 0 4 
Start Read
6E 32 7B AE 0 0 0 65 0 3A 40 0 80 C5 64 0 0 0 0 0 0 5A 0 0 0 0 E 2 21 F 9 2 19 0 0 0 0 0 0 0 0 0 A0 64 0 0 0 0 1 0 0 0 0 0 0 0 0 0 0 0 0 0 0 0 0 0 0 0 0 0 0 0 0 0 0 0 16 0 0 0 0 0 0 0 0 20 0 65 0 65 0 0 0 0 59 0 0 0 0 0 0 0 0 0 0 0 C 0 0 80 0 0 0 0 28 0 5A 0 E 0 0 0 0 0 0 4 
Start Read
6E 32 7B B3 0 0 0 65 0 3A 40 0 80 C5 64 0 0 0 0 0 0 5A 0 0 0 0 E 2 20 F 9 2 19 0 0 0 0 0 0 0 0 0 A0 64 0 0 0 0 1 0 0 0 0 0 0 0 0 0 0 0 0 0 0 0 0 0 0 0 0 0 0 0 0 0 0 0 16 0 0 0 0 0 0 0 0 20 0 65 0 65 0 0 0 0 59 0 0 0 0 0 0 0 0 0 0 0 C 0 0 80 0 0 0 0 28 0 5A 0 E 0 0 0 0 0 0 4 
Start Read
6E 32 7B B8 0 0 0 65 0 3A 40 0 80 C5 64 0 0 0 0 0 0 5A 0 0 0 0 E 2 21 F 9 2 19 0 0 0 0 0 0 0 0 0 A0 64 0 0 0 0 1 0 0 0 0 0 0 0 0 0 0 0 0 0 0 0 0 0 0 0 0 0 0 0 0 0 0 0 16 0 0 0 0 0 0 0 0 20 0 65 0 65 0 0 0 0 59 0 0 0 0 0 0 0 0 0 0 0 C 0 0 80 0 0 0 0 28 0 5A 0 E 0 0 0 0 0 0 4 
Start Read
6E 32 7B BD 0 0 0 65 0 3A 40 0 80 C5 64 0 0 0 0 0 0 5A 0 0 0 0 E 2 20 F 9 2 19 0 0 0 0 0 0 0 0 0 A0 64 0 0 0 0 1 0 0 0 0 0 0 0 0 0 0 0 0 0 0 0 0 0 0 0 0 0 0 0 0 0 0 0 16 0 0 0 0 0 0 0 0 20 0 65 0 65 0 0 0 0 59 0 0 0 0 0 0 0 0 0 0 0 C 0 0 80 0 0 0 0 28 0 5A 0 E 0 0 0 0 0 0 4 
Start Read
6E 32 7B C2 0 0 0 65 0 3A 40 0 80 C5 64 0 0 0 0 0 0 5A 0 0 0 0 E 2 21 F 9 2 19 0 0 0 0 0 0 0 0 0 A0 64 0 0 0 0 1 0 0 0 0 0 0 0 0 0 0 0 0 0 0 0 0 0 0 0 0 0 0 0 0 0 0 0 16 0 0 0 0 0 0 0 0 20 0 65 0 65 0 0 0 0 59 0 0 0 0 0 0 0 0 0 0 0 C 0 0 80 0 0 0 0 28 0 5A 0 E 0 0 0 0 0 0 4 
Start Read
6E 32 7B C7 0 0 0 65 0 3A 40 0 80 C5 64 0 0 0 0 0 0 5A 0 0 0 0 E 2 1F F 9 2 19 0 0 0 0 0 0 0 0 0 A0 64 0 0 0 0 1 0 0 0 0 0 0 0 0 0 0 0 0 0 0 0 0 0 0 0 0 0 0 0 0 0 0 0 16 0 0 0 0 0 0 0 0 20 0 65 0 65 0 0 0 0 59 0 0 0 0 0 0 0 0 0 0 0 C 0 0 80 0 0 0 0 28 0 5A 0 E 0 0 0 0 0 0 4 
Start Read
6E 32 7B CC 0 0 0 65 0 3A 40 0 80 C5 64 0 0 0 0 0 0 5A 0 0 0 0 E 2 21 F 9 2 19 0 0 0 0 0 0 0 0 0 A0 64 0 0 0 0 1 0 0 0 0 0 0 0 0 0 0 0 0 0 0 0 0 0 0 0 0 0 0 0 0 0 0 0 16 0 0 0 0 0 0 0 0 20 0 65 0 65 0 0 0 0 59 0 0 0 0 0 0 0 0 0 0 0 C 0 0 80 0 0 0 0 28 0 5A 0 E 0 0 0 0 0 0 4 
Start Read
6E 32 7B D1 0 0 0 65 0 3A 40 0 80 C5 64 0 0 0 0 0 0 5A 0 0 0 0 E 2 21 F 9 2 19 0 0 0 0 0 0 0 0 0 A0 64 0 0 0 0 1 0 0 0 0 0 0 0 0 0 0 0 0 0 0 0 0 0 0 0 0 0 0 0 0 0 0 0 16 0 0 0 0 0 0 0 0 20 0 65 0 65 0 0 0 0 59 0 0 0 0 0 0 0 0 0 0 0 C 0 0 80 0 0 0 0 28 0 5A 0 E 0 0 0 0 0 0 4 
Start Read
6E 32 7B D5 0 0 0 65 0 3A 40 0 80 C5 64 0 0 0 0 0 0 5A 0 0 0 0 E 2 21 F 9 2 19 0 0 0 0 0 0 0 0 0 A0 64 0 0 0 0 1 0 0 0 0 0 0 0 0 0 0 0 0 0 0 0 0 0 0 0 0 0 0 0 0 0 0 0 16 0 0 0 0 0 0 0 0 20 0 65 0 65 0 0 0 0 59 0 0 0 0 0 0 0 0 0 0 0 C 0 0 80 0 0 0 0 28 0 5A 0 E 0 0 0 0 0 0 4 
Start Read
6E 32 7B DA 0 0 0 65 0 3A 40 0 80 C5 64 0 0 0 0 0 0 5A 0 0 0 0 E 2 20 F 9 2 19 0 0 0 0 0 0 0 0 0 A0 64 0 0 0 0 1 0 0 0 0 0 0 0 0 0 0 0 0 0 0 0 0 0 0 0 0 0 0 0 0 0 0 0 16 0 0 0 0 0 0 0 0 20 0 65 0 65 0 0 0 0 59 0 0 0 0 0 0 0 0 0 0 0 C 0 0 80 0 0 0 0 28 0 5A 0 E 0 0 0 0 0 0 4 
Start Read
6E 32 7B DF 0 0 0 65 0 3A 40 0 7E C5 64 0 0 0 0 0 0 5A 0 0 0 0 E 2 21 F 9 2 19 0 0 0 0 0 0 0 0 0 A0 64 0 0 0 0 1 0 0 0 0 0 0 0 0 0 0 0 0 0 0 0 0 0 0 0 0 0 0 0 0 0 0 0 16 0 0 0 0 0 0 0 0 20 0 65 0 65 0 0 0 0 59 0 0 0 0 0 0 0 0 0 0 0 C 0 0 80 0 0 0 0 28 0 5A 0 E 0 0 0 0 0 0 4 
Start Read
6E 32 7B 0 0 0 0 65 0 4D 40 0 7D C5 64 0 0 0 0 0 0 5A 0 0 0 0 E 2 0 0 9 2 19 0 0 0 0 0 0 0 0 0 A0 66 0 0 0 0 1 0 0 0 0 0 0 0 0 0 0 0 0 0 0 0 0 0 0 0 0 0 0 0 0 0 0 0 16 0 0 0 0 0 0 0 0 20 0 65 0 65 0 0 0 0 59 0 0 0 0 0 0 0 0 0 0 0 1F 0 0 0 0 0 0 0 28 0 5A 0 E 0 0 0 0 0 0 4 
Start Read
6E 32 7B 5 0 0 0 65 0 3A 40 0 80 C5 64 0 0 0 0 0 0 5A 0 0 0 0 E 2 36 E 9 2 19 0 0 0 0 0 0 0 0 0 A0 64 0 0 0 0 1 0 0 0 0 0 0 0 0 0 0 0 0 0 0 0 0 0 0 0 0 0 0 0 0 0 0 0 16 0 0 0 0 0 0 0 0 20 0 65 0 65 0 0 0 0 59 0 0 0 0 0 0 0 0 0 0 0 18 0 0 0 0 0 0 0 28 0 5A 0 E 0 0 0 0 0 0 4 
Start Read
6E 32 7B A 0 0 0 65 0 3A 40 0 80 C5 64 0 0 0 0 0 0 5A 0 0 0 0 E 2 33 E 9 2 19 0 0 0 0 0 0 0 0 0 A0 64 0 0 0 0 1 0 0 0 0 0 0 0 0 0 0 0 0 0 0 0 0 0 0 0 0 0 0 0 0 0 0 0 16 0 0 0 0 0 0 0 0 20 0 65 0 65 0 0 0 0 59 0 0 0 0 0 0 0 0 0 0 0 11 0 0 0 0 0 0 0 28 0 5A 0 E 0 0 0 0 0 0 4 
Start Read
6E 32 7B F 0 0 0 65 0 3A 40 0 80 C5 64 0 0 0 0 0 0 5A 0 0 0 0 E 2 34 E 9 2 19 0 0 0 0 0 0 0 0 0 A0 64 0 0 0 0 1 0 0 0 0 0 0 0 0 0 0 0 0 0 0 0 0 0 0 0 0 0 0 0 0 0 0 0 16 0 0 0 0 0 0 0 0 20 0 65 0 65 0 0 0 0 59 0 0 0 0 0 0 0 0 0 0 0 E 0 0 0 0 0 0 0 28 0 5A 0 E 0 0 0 0 0 0 4 
Start Read
6E 32 7B 14 0 0 0 65 0 3A 40 0 80 C5 64 0 0 0 0 0 0 5A 0 0 0 0 E 2 24 E 9 2 19 0 0 0 0 0 0 0 0 0 A0 64 0 0 0 0 1 0 0 0 0 0 0 0 0 0 0 0 0 0 0 0 0 0 0 0 0 0 0 0 0 0 0 0 16 0 0 0 0 0 0 0 0 20 0 65 0 65 0 0 0 0 59 0 0 0 0 0 0 0 0 0 0 0 D 0 0 0 0 0 0 0 28 0 5A 0 E 0 0 0 0 0 0 4 
Start Read
6E 32 7B 19 0 0 0 65 0 3A 40 0 80 C5 64 0 0 0 0 0 0 5A 0 0 0 0 E 2 34 E 9 2 19 0 0 0 0 0 0 0 0 0 A0 64 0 0 0 0 1 0 0 0 0 0 0 0 0 0 0 0 0 0 0 0 0 0 0 0 0 0 0 0 0 0 0 0 16 0 0 0 0 0 0 0 0 20 0 65 0 65 0 0 0 0 59 0 0 0 0 0 0 0 0 0 0 0 C 0 0 0 0 0 0 0 28 0 5A 0 E 0 0 0 0 0 0 4 
Start Read
6E 32 7B 1E 0 0 0 65 0 3A 40 0 80 C5 64 0 0 0 0 0 0 5A 0 0 0 0 E 2 37 E 9 2 19 0 0 0 0 0 0 0 0 0 A0 64 0 0 0 0 1 0 0 0 0 0 0 0 0 0 0 0 0 0 0 0 0 0 0 0 0 0 0 0 0 0 0 0 16 0 0 0 0 0 0 0 0 20 0 65 0 65 0 0 0 0 59 0 0 0 0 0 0 0 0 0 0 0 C 0 0 0 0 0 0 0 28 0 5A 0 E 0 0 0 0 0 0 4 
Start Read
6E 32 7B 23 0 0 0 65 0 3A 40 0 80 C5 64 0 0 0 0 0 0 5A 0 0 0 0 E 2 35 E 9 2 19 0 0 0 0 0 0 0 0 0 A0 64 0 0 0 0 1 0 0 0 0 0 0 0 0 0 0 0 0 0 0 0 0 0 0 0 0 0 0 0 0 0 0 0 16 0 0 0 0 0 0 0 0 20 0 65 0 65 0 0 0 0 59 0 0 0 0 0 0 0 0 0 0 0 C 0 0 0 0 0 0 0 28 0 5A 0 E 0 0 0 0 0 0 4 
Start Read
6E 32 7B 28 0 0 0 65 0 3A 40 0 80 C5 64 0 0 0 0 0 0 5A 0 0 0 0 E 2 36 E 9 2 19 0 0 0 0 0 0 0 0 0 A0 64 0 0 0 0 1 0 0 0 0 0 0 0 0 0 0 0 0 0 0 0 0 0 0 0 0 0 0 0 0 0 0 0 16 0 0 0 0 0 0 0 0 20 0 65 0 65 0 0 0 0 59 0 0 0 0 0 0 0 0 0 0 0 C 0 0 0 0 0 0 0 28 0 5A 0 E 0 0 0 0 0 0 4 
Start Read
6E 32 7B 2D 0 0 0 65 0 3A 40 0 80 C5 64 0 0 0 0 0 0 5A 0 0 0 0 E 2 28 E 9 2 19 0 0 0 0 0 0 0 0 0 A0 64 0 0 0 0 1 0 0 0 0 0 0 0 0 0 0 0 0 0 0 0 0 0 0 0 0 0 0 0 0 0 0 0 16 0 0 0 0 0 0 0 0 20 0 65 0 65 0 0 0 0 59 0 0 0 0 0 0 0 0 0 0 0 C 0 0 0 0 0 0 0 28 0 5A 0 E 0 0 0 0 0 0 4 
Start Read
6E 32 7B 32 0 0 0 65 0 3A 40 0 7F C5 64 0 0 0 0 0 0 5A 0 0 0 0 E 2 2F E 9 2 19 0 0 0 0 0 0 0 0 0 A0 64 0 0 0 0 1 0 0 0 0 0 0 0 0 0 0 0 0 0 0 0 0 0 0 0 0 0 0 0 0 0 0 0 16 0 0 0 0 0 0 0 0 20 0 65 0 65 0 0 0 0 59 0 0 0 0 0 0 0 0 0 0 0 C 0 0 0 0 0 0 0 28 0 5A 0 E 0 0 0 0 0 0 4 
Start Read
6E 32 7B 36 0 0 0 65 0 3A 40 0 7E C5 64 0 0 0 0 0 0 5A 0 0 0 0 E 2 2E E 9 2 19 0 0 0 0 0 0 0 0 0 A0 64 0 0 0 0 1 0 0 0 0 0 0 0 0 0 0 0 0 0 0 0 0 0 0 0 0 0 0 0 0 0 0 0 16 0 0 0 0 0 0 0 0 20 0 65 0 65 0 0 0 0 59 0 0 0 0 0 0 0 0 0 0 0 C 0 0 0 0 0 0 0 28 0 5A 0 E 0 0 0 0 0 0 4 
Start Read
6E 32 7B 3B 0 0 0 65 0 3A 40 0 80 C5 64 0 0 0 0 0 0 5A 0 0 0 0 E 2 36 E 9 2 19 0 0 0 0 0 0 0 0 0 A0 64 0 0 0 0 1 0 0 0 0 0 0 0 0 0 0 0 0 0 0 0 0 0 0 0 0 0 0 0 0 0 0 0 16 0 0 0 0 0 0 0 0 20 0 65 0 65 0 0 0 0 59 0 0 0 0 0 0 0 0 0 0 0 C 0 0 0 0 0 0 0 28 0 5A 0 E 0 0 0 0 0 0 4 
Start Read
6E 32 7B 40 0 0 0 65 0 3A 40 0 80 C5 64 0 0 0 0 0 0 5A 0 0 0 0 E 2 35 E 9 2 19 0 0 0 0 0 0 0 0 0 A0 64 0 0 0 0 1 0 0 0 0 0 0 0 0 0 0 0 0 0 0 0 0 0 0 0 0 0 0 0 0 0 0 0 16 0 0 0 0 0 0 0 0 20 0 65 0 65 0 0 0 0 59 0 0 0 0 0 0 0 0 0 0 0 C 0 0 0 0 0 0 0 28 0 5A 0 E 0 0 0 0 0 0 4 
Start Read
6E 32 7B 45 0 0 0 65 0 3A 40 0 80 C5 64 0 0 0 0 0 0 5A 0 0 0 0 E 2 37 E 9 2 19 0 0 0 0 0 0 0 0 0 A0 64 0 0 0 0 1 0 0 0 0 0 0 0 0 0 0 0 0 0 0 0 0 0 0 0 0 0 0 0 0 0 0 0 16 0 0 0 0 0 0 0 0 20 0 65 0 65 0 0 0 0 59 0 0 0 0 0 0 0 0 0 0 0 C 0 0 0 0 0 0 0 28 0 5A 0 E 0 0 0 0 0 0 4 
Start Read
6E 32 7B 4A 0 0 0 65 0 3A 40 0 80 C5 64 0 0 0 0 0 0 5A 0 0 0 0 E 2 2A E 9 2 19 0 0 0 0 0 0 0 0 0 A0 64 0 0 0 0 1 0 0 0 0 0 0 0 0 0 0 0 0 0 0 0 0 0 0 0 0 0 0 0 0 0 0 0 16 0 0 0 0 0 0 0 0 20 0 65 0 65 0 0 0 0 59 0 0 0 0 0 0 0 0 0 0 0 C 0 0 0 0 0 0 0 28 0 5A 0 E 0 0 0 0 0 0 4 
Start Read
6E 32 7B 4F 0 0 0 65 0 3A 40 0 80 C5 64 0 0 0 0 0 0 5A 0 0 0 0 E 2 2D E 9 2 19 0 0 0 0 0 0 0 0 0 A0 64 0 0 0 0 1 0 0 0 0 0 0 0 0 0 0 0 0 0 0 0 0 0 0 0 0 0 0 0 0 0 0 0 16 0 0 0 0 0 0 0 0 20 0 65 0 65 0 0 0 0 59 0 0 0 0 0 0 0 0 0 0 0 C 0 0 0 0 0 0 0 28 0 5A 0 E 0 0 0 0 0 0 4 
Start Read
6E 32 7B 54 0 0 0 65 0 3A 40 0 80 C5 64 0 0 0 0 0 0 5A 0 0 0 0 E 2 37 E 9 2 19 0 0 0 0 0 0 0 0 0 A0 64 0 0 0 0 1 0 0 0 0 0 0 0 0 0 0 0 0 0 0 0 0 0 0 0 0 0 0 0 0 0 0 0 16 0 0 0 0 0 0 0 0 20 0 65 0 65 0 0 0 0 59 0 0 0 0 0 0 0 0 0 0 0 C 0 0 0 0 0 0 0 28 0 5A 0 E 0 0 0 0 0 0 4 
Start Read
6E 32 7B 59 0 0 0 65 0 3A 40 0 7F C5 64 0 0 0 0 0 0 5A 0 0 0 0 E 2 34 E 9 2 19 0 0 0 0 0 0 0 0 0 A0 64 0 0 0 0 1 0 0 0 0 0 0 0 0 0 0 0 0 0 0 0 0 0 0 0 0 0 0 0 0 0 0 0 16 0 0 0 0 0 0 0 0 20 0 65 0 65 0 0 0 0 59 0 0 0 0 0 0 0 0 0 0 0 C 0 0 0 0 0 0 0 28 0 5A 0 E 0 0 0 0 0 0 4 
Start Read
6E 32 7B 5E 0 0 0 65 0 3A 40 0 7E C5 64 0 0 0 0 0 0 5A 0 0 0 0 E 2 35 E 9 2 19 0 0 0 0 0 0 0 0 0 A0 64 0 0 0 0 1 0 0 0 0 0 0 0 0 0 0 0 0 0 0 0 0 0 0 0 0 0 0 0 0 0 0 0 16 0 0 0 0 0 0 0 0 20 0 65 0 65 0 0 0 0 59 0 0 0 0 0 0 0 0 0 0 0 C 0 0 0 0 0 0 0 28 0 5A 0 E 0 0 0 0 0 0 4 
Start Read
6E 32 7B 63 0 0 0 65 0 3A 40 0 80 C5 64 0 0 0 0 0 0 5A 0 0 0 0 E 2 28 E 9 2 19 0 0 0 0 0 0 0 0 0 A0 64 0 0 0 0 1 0 0 0 0 0 0 0 0 0 0 0 0 0 0 0 0 0 0 0 0 0 0 0 0 0 0 0 16 0 0 0 0 0 0 0 0 20 0 65 0 65 0 0 0 0 59 0 0 0 0 0 0 0 0 0 0 0 C 0 0 0 0 0 0 0 28 0 5A 0 E 0 0 0 0 0 0 4 
Start Read
6E 32 7B 68 0 A 24 5D 0 3A 40 78 66 C5 64 65 7C B1 0 64 96 5D 92 66 3D 0 C 1 C0 2C 9 2 19 63 C0 10 FF 0 64 0 2A 0 A0 64 0 0 0 0 1 0 0 0 0 0 0 0 0 0 0 0 0 0 0 0 0 0 0 0 0 0 0 0 0 0 0 0 15 0 64 66 3D 66 3D 66 3D 20 0 5D 0 5D 0 63 1 2A 59 0 0 0 0 0 0 64 64 0 0 0 C 0 0 0 0 0 0 0 28 64 5D 0 C 0 0 0 0 0 0 4 
Start Read
6E 32 7B 6D 4 D 1D 2A 0 3A 40 5F 98 88 64 65 7C AC 4 64 A4 3B 8F 1A 16 0 12 1 51 6 9 2 19 63 C0 32 0 0 64 0 1D 0 A0 64 0 0 0 0 1 0 0 0 0 0 0 0 0 0 0 0 0 0 0 0 0 0 0 0 0 0 0 0 0 0 0 0 15 0 64 1A 16 1A 16 1A 16 20 0 2A 0 2A 0 63 1 1D 59 0 0 0 0 0 0 64 83 0 0 0 20 34 0 0 0 0 0 0 28 64 3B 0 12 0 0 0 0 0 0 0 
Start Read
6E 32 7B 72 0 D 1D 29 0 3A 40 60 97 7A 64 65 7C AB 4 64 A4 3A 8F FE 14 0 12 1 54 6 9 2 19 63 C0 F6 FF 0 64 0 11 0 A0 64 0 0 0 0 1 0 0 0 0 0 0 0 0 0 0 0 0 0 0 0 0 0 0 0 0 0 0 0 0 0 0 0 15 0 64 FE 14 FE 14 FE 14 20 0 29 0 29 0 63 1 11 59 0 0 0 0 0 0 64 83 0 0 0 20 35 0 0 0 0 0 0 28 64 3A 0 12 0 0 0 0 0 0 0 
Start Read
6E 32 7B 76 2 D 1D 27 0 3A 41 60 97 77 64 65 7B 61 3 64 9F 34 8F 54 12 0 E 1 44 6 9 2 19 63 C0 14 0 0 64 0 B 0 A0 64 0 0 0 0 1 0 0 0 0 0 0 0 0 0 0 0 0 0 0 0 0 0 0 0 0 0 0 0 0 0 0 0 15 0 64 54 12 54 12 54 12 20 0 27 0 27 0 63 1 B 59 0 0 0 0 0 0 64 80 0 0 0 1F 2C 0 0 0 0 0 0 28 64 34 0 E 0 0 0 0 0 0 0 
Start Read
6E 32 7B 7B 0 D 1D 27 0 3A 41 5F 98 7F 64 65 7B 6B 3 64 98 34 8F A5 11 0 E 1 32 6 9 2 19 63 C0 F6 FF 0 64 0 B 0 A0 64 0 0 0 0 1 0 0 0 0 0 0 0 0 0 0 0 0 0 0 0 0 0 0 0 0 0 0 0 0 0 0 0 15 0 64 A5 11 A5 11 A5 11 20 0 27 0 27 0 63 1 B 59 0 0 0 0 0 0 64 7A 0 0 0 1F 2D 0 0 0 0 0 0 28 64 34 0 E 0 0 0 0 0 0 0 
Start Read
6E 32 7B 80 0 D 1D 26 0 3A 42 60 96 80 64 65 7B 7D 3 64 8E 34 8F 80 10 0 F 1 2D 6 9 2 19 63 C0 D8 FF 0 64 0 A 0 A0 64 0 0 0 0 1 0 0 0 0 0 0 0 0 0 0 0 0 0 0 0 0 0 0 0 0 0 0 0 0 0 0 0 15 0 64 80 10 80 10 80 10 20 0 26 0 26 0 63 1 A 58 0 0 0 0 0 0 64 73 0 0 0 1F 2D 0 0 0 0 0 0 28 64 34 0 F 0 0 0 0 0 0 0 
Start Read
6E 32 7B 85 0 D 1D 26 0 3A 43 60 97 85 64 65 7A 88 3 64 86 34 8F CD F 0 F 1 33 6 9 2 19 63 C0 A 0 0 64 0 9 0 A0 64 0 0 0 0 1 0 0 0 0 0 0 0 0 0 0 0 0 0 0 0 0 0 0 0 0 0 0 0 0 0 0 0 15 0 64 CD F CD F CD F 20 0 26 0 26 0 63 1 9 58 0 0 0 0 0 0 64 6D 0 0 0 1F 2D 0 0 0 0 0 0 28 64 34 0 F 0 0 0 0 0 0 0 
Start Read
6E 32 7B 8A 0 D 1D 26 0 3A 43 5F 98 8A 64 65 7A 88 3 64 80 34 8F 33 F 0 F 1 34 6 9 2 19 63 C0 E2 FF 0 64 0 8 0 A0 64 0 0 0 0 1 0 0 0 0 0 0 0 0 0 0 0 0 0 0 0 0 0 0 0 0 0 0 0 0 0 0 0 15 0 64 33 F 33 F 33 F 20 0 26 0 26 0 63 1 8 58 0 0 0 0 0 0 64 68 0 0 0 1F 2F 0 0 0 0 0 0 28 64 34 0 F 0 0 0 0 0 0 0 
Start Read
6E 32 7B 8F 0 9 1D 26 0 3A 44 60 97 8F 64 65 79 7B 3 64 7A 34 8F AE E 0 F 1 46 6 9 2 19 63 C0 E2 FF 0 64 0 8 0 A0 64 0 0 0 0 1 0 0 0 0 0 0 0 0 0 0 0 0 0 0 0 0 0 0 0 0 0 0 0 0 0 0 0 15 0 64 AE E AE E AE E 20 0 26 0 26 0 63 1 8 58 0 0 0 0 0 0 64 64 0 0 0 1F 2D 0 0 0 0 0 0 28 64 34 0 F 0 0 0 0 0 0 0 
Start Read
6E 32 7B 94 0 9 1D 26 0 3A 44 60 97 91 64 65 79 81 3 64 7A 34 8F AE E 0 F 1 44 6 9 2 19 63 C0 E2 FF 0 64 0 7 0 A0 64 0 0 0 0 1 0 0 0 0 0 0 0 0 0 0 0 0 0 0 0 0 0 0 0 0 0 0 0 0 0 0 0 15 0 64 AE E AE E AE E 20 0 26 0 26 0 63 1 7 58 0 0 0 0 0 0 64 64 0 0 0 1F 2D 0 0 0 0 0 0 28 64 34 0 F 0 0 0 0 0 0 0 
Start Read
6E 32 7B 99 8 9 1D 26 0 3A 45 60 97 92 64 65 78 79 3 64 79 34 8F 9C E 0 E 1 46 6 9 2 19 63 C0 0 0 0 64 0 6 0 A0 64 0 0 0 0 1 0 0 0 0 0 0 0 0 0 0 0 0 0 0 0 0 0 0 0 0 0 0 0 0 0 0 0 15 0 64 9C E 9C E 9C E 20 0 26 0 26 0 63 1 6 58 0 0 0 0 0 0 64 64 0 0 0 1F 2D 0 0 0 0 0 0 28 64 34 0 E 0 0 0 0 0 0 0 
Start Read
6E 32 7B 9E 0 9 1D 26 0 3A 45 5F 98 94 64 65 78 71 3 64 79 34 8F 92 E 0 E 1 48 6 9 2 19 63 C0 A 0 0 64 0 6 0 A0 64 0 0 0 0 1 0 0 0 0 0 0 0 0 0 0 0 0 0 0 0 0 0 0 0 0 0 0 0 0 0 0 0 15 0 64 92 E 92 E 92 E 20 0 26 0 26 0 63 1 6 58 0 0 0 0 0 0 64 64 0 0 0 1F 2B 0 0 0 0 0 0 28 64 34 0 E 0 0 0 0 0 0 0 
Start Read
6E 32 7B A3 0 9 1D 25 0 3A 46 5F 98 92 64 65 78 7D 3 64 79 33 8F D0 D 0 F 1 48 6 9 2 19 63 C0 A 0 0 64 0 5 0 A0 64 0 0 0 0 1 0 0 0 0 0 0 0 0 0 0 0 0 0 0 0 0 0 0 0 0 0 0 0 0 0 0 0 15 0 64 D0 D D0 D D0 D 20 0 25 0 25 0 63 1 5 57 0 0 0 0 0 0 64 64 0 0 0 1E 2C 0 0 0 0 0 0 28 64 33 0 F 0 0 0 0 0 0 0 
Start Read
6E 32 7B A8 8 9 1D 26 0 3A 47 5F 98 95 64 65 77 79 3 64 78 34 8F 80 E 0 F 1 47 6 9 2 19 63 C0 32 0 0 64 0 4 0 A0 64 0 0 0 0 1 0 0 0 0 0 0 0 0 0 0 0 0 0 0 0 0 0 0 0 0 0 0 0 0 0 0 0 15 0 64 80 E 80 E 80 E 20 0 26 0 26 0 63 1 4 57 0 0 0 0 0 0 64 64 0 0 0 1E 2D 0 0 0 0 0 0 28 64 34 0 F 0 0 0 0 0 0 0 
Start Read
6E 32 7B AD 0 9 1D 25 0 3A 48 5F 98 95 64 65 76 67 3 64 77 33 8F 9E D 0 E 1 41 6 9 2 19 63 C0 0 0 0 64 0 3 0 A0 64 0 0 0 0 1 0 0 0 0 0 0 0 0 0 0 0 0 0 0 0 0 0 0 0 0 0 0 0 0 0 0 0 15 0 64 9E D 9E D 9E D 20 0 25 0 25 0 63 1 3 57 0 0 0 0 0 0 64 64 0 0 0 1E 2C 0 0 0 0 0 0 28 64 33 0 E 0 0 0 0 0 0 0 
Start Read
6E 32 7B B1 0 9 1D 25 0 3A 49 5F 98 95 64 65 75 6E 3 64 76 33 8F 8D D 0 E 0 42 6 9 2 19 63 C0 46 0 0 64 0 3 0 A0 64 0 0 0 0 1 0 0 0 0 0 0 0 0 0 0 0 0 0 0 0 0 0 0 0 0 0 0 0 0 0 0 0 14 0 64 8D D 8D D 8D D 20 0 25 0 25 0 63 1 3 57 0 0 0 0 0 0 64 64 0 0 0 1E 2C 0 0 0 0 0 0 28 64 33 0 E 0 0 0 0 0 0 0 
Start Read
6E 32 7B B6 0 9 1D 25 0 3A 4A 5F 98 96 64 65 74 66 3 64 75 33 8F 7D D 0 E 1 44 6 9 2 19 63 C0 B0 FF 0 64 0 2 0 A0 64 0 0 0 0 1 0 0 0 0 0 0 0 0 0 0 0 0 0 0 0 0 0 0 0 0 0 0 0 0 0 0 0 15 0 64 7D D 7D D 7D D 20 0 25 0 25 0 63 1 2 57 0 0 0 0 0 0 64 64 0 0 0 1E 2C 0 0 0 0 0 0 28 64 33 0 E 0 0 0 0 0 0 0 
Start Read
6E 32 7B BB 0 9 1D 26 0 3A 4B 5F 98 98 64 65 73 59 3 64 74 34 8F 14 E 0 E 1 4A 6 9 2 19 63 C0 3C 0 0 64 0 3 0 A0 64 0 0 0 0 1 0 0 0 0 0 0 0 0 0 0 0 0 0 0 0 0 0 0 0 0 0 0 0 0 0 0 0 15 0 64 14 E 14 E 14 E 20 0 26 0 26 0 63 1 3 56 0 0 0 0 0 0 64 64 0 0 0 1E 2C 0 0 0 0 0 0 28 64 34 0 E 0 0 0 0 0 0 0 
Start Read
6E 32 7B C0 0 9 1D 26 0 3A 4C 60 96 97 64 65 72 49 3 64 73 34 8F C E 0 E 1 47 6 9 2 19 63 C0 64 0 0 64 0 3 0 A0 64 0 0 0 0 1 0 0 0 0 0 0 0 0 0 0 0 0 0 0 0 0 0 0 0 0 0 0 0 0 0 0 0 15 0 64 C E C E C E 20 0 26 0 26 0 63 1 3 56 0 0 0 0 0 0 64 64 0 0 0 1E 2B 0 0 0 0 0 0 28 64 34 0 E 0 0 0 0 0 0 0 0 
Start Read

Start Read
